module parc/parc7
import std/core/types = std/core/types = "";
import std/core = std/core = "";
pub fun test : forall<a,b> (x : a, y : b) -> a
 = fn(x: 10, y: 11){
 val _ : ()
 = std/core/types/.drop(y);
 x;
 };