module parc/parc1
import std/core/types = std/core/types = "";
import std/core = std/core = "";
pub fun test : forall<a> (x : a) -> a
 = fn(x: 10){
 x;
 };