module parc/parc6
import std/core/types = std/core/types = "";
import std/core = std/core = "";
pub fun test : (y : int) -> int
 = fn(y: int){
 val _ : ()
 = std/core/types/.drop(y);
 1;
 };