module parc/parc2
import std/core/types = std/core/types = "";
import std/core = std/core = "";
pub fun test : forall<a> (x : list<a>) -> list<a>
 = fn(x: list<0>){
 std/core/append((std/core/types/.dup(x)), x);
 };