module parc/parc5
import std/core/types = std/core/types = "";
import std/core = std/core = "";
pub fun test : () -> int
 = fn(){
 1;
 };