module parc/parc21
import std/core/types = std/core/types = "";
import std/core = std/core = "";
pub fun bo : (a : int, ^ b : int) -> int
 = fn(a: int, b: int){
 a;
 };
pub fun print-ret : (x : int) -> console int
 = fn<console>(x: int){
 val _ : ()
 = std/core/prints((std/core/show((std/core/types/.dup(x)))));
 x;
 };
pub fun test : () -> console int
 = fn<console>(){
 val i : int
 = parc/parc21/bo(3, 4);
 val _ : ()
 = std/core/prints((std/core/show(i)));
 val _0 : ()
 = std/core/prints((std/core/show(3)));
 val _1 : ()
 = std/core/prints((std/core/show(4)));
 parc/parc21/bo(3, 4);
 };