module parc/parc17
import std/core/types = std/core/types = "";
import std/core = std/core = "";
pub fun test : (xs : list<int>) -> list<int>
 = fn(xs: list<int>){
 match (xs) {
 (std/core/Cons(((.skip std/core/types/.Box((.pat: int)) : .Box ) as .box: .Box), (.pat0: list<int>)) : list<int> )
 -> xs;
 (.skip std/core/Nil() : (list<int>) )
 -> std/core/Nil;
 };
 };