module parc/parc13
import std/core/types = std/core/types = "";
import std/core = std/core = "";
pub fun test : (x : int) -> (() -> int)
 = fn(x: int){
 fn(){
 x;
 };
 };