module parc/parc14
import std/core/types = std/core/types = "";
import std/core = std/core = "";
pub fun test : forall<a> (x : int, y : a, z : a) -> a
 = fn(x: int, y: 24, z: 24){
 match (x) {
 0
 -> val _ : ()
 = std/core/types/.drop(z);
 val _ : ()
 = std/core/types/.drop(x);
 y;
 _
 -> val _ : ()
 = std/core/types/.drop(y);
 val _ : ()
 = std/core/types/.drop(x);
 z;
 };
 };