static/modA/aint: V
static/modA/int: V
pub alias aint = int = 1