static/modAWrong/aint: V
static/modAWrong/int: V
pub alias aint = int = 1