static/modB/bint: V
static/modB/int: V
pub alias bint = int = 1