static/module1a/ok: V
alias ok = static/modA/aint = 2