static/module1/ok: V
pub alias ok = static/modA/aint = 2