static/xcase1/bar: V
pub alias bar = static/modA/aint = 2