kind/alias1/choose: V
kind/alias1/id: V
kind/alias1/total: X
pub alias choose = (id, id) -> id = 2
pub alias id = forall<a> (a) -> a = 1