kind/type10/ap: (V -> V, V) -> V
kind/type10/id: V -> V
kind/type10/list: V -> V
kind/type10/yy: V -> V
kind/type10/zz: V -> V
pub alias ap<a,b> :: (V -> V, V) -> V = a<b> = 1
// Test if type synonym variables are correctly generalized in constructors.
pub alias id<a> :: V -> V = a = 1