kind/type6/id: (V -> V) -> V
kind/type6/int: V
kind/type6/list: V -> V
kind/type6/ok: V
pub alias id<a> :: (V -> V) -> V = a<int> = 1
pub alias ok = id<list> = 2