kind/type9/choose: V
kind/type9/id: V
kind/type9/tt: V
pub alias choose = (id) -> id = 2
// test name clash on type synonyms
pub alias id = forall<a> (a) -> a = 1
pub alias tt = forall<a> (a) -> id = 2